<colors>
    <color>
        <dialogheader>0xFF060343</dialogheader>
        <menuheader>0xFF37a1d1</menuheader>
        <menutext>0xFFFFFFFF</menutext>
        <link>0xFFd0f9f9</link>
    </color>
</colors>